  gui.cpp
C:\Users\Enenon\Documents\GitHub\Galaxy-Simulation\gui\headers\cores.h(6,16): warning C4305: 'inicializando': truncamento de 'double' para 'float'
  (compilando o arquivo fonte 'gui.cpp')
  
C:\Users\Enenon\Documents\GitHub\Galaxy-Simulation\gui\headers\cores.h(6,28): warning C4305: 'inicializando': truncamento de 'double' para 'float'
  (compilando o arquivo fonte 'gui.cpp')
  
C:\Users\Enenon\Documents\GitHub\Galaxy-Simulation\gui\headers\cores.h(7,20): warning C4305: 'inicializando': truncamento de 'double' para 'float'
  (compilando o arquivo fonte 'gui.cpp')
  
C:\Users\Enenon\Documents\GitHub\Galaxy-Simulation\gui\headers\cores.h(7,27): warning C4305: 'inicializando': truncamento de 'double' para 'float'
  (compilando o arquivo fonte 'gui.cpp')
  
C:\Users\Enenon\Documents\GitHub\Galaxy-Simulation\gui\headers\cores.h(7,33): warning C4305: 'inicializando': truncamento de 'double' para 'float'
  (compilando o arquivo fonte 'gui.cpp')
  
C:\Users\Enenon\Documents\GitHub\Galaxy-Simulation\gui\headers\cores.h(8,19): warning C4305: 'inicializando': truncamento de 'double' para 'float'
  (compilando o arquivo fonte 'gui.cpp')
  
C:\Users\Enenon\Documents\GitHub\Galaxy-Simulation\gui\headers\cores.h(8,26): warning C4305: 'inicializando': truncamento de 'double' para 'float'
  (compilando o arquivo fonte 'gui.cpp')
  
C:\Users\Enenon\Documents\GitHub\Galaxy-Simulation\gui\headers\cores.h(8,33): warning C4305: 'inicializando': truncamento de 'double' para 'float'
  (compilando o arquivo fonte 'gui.cpp')
  
C:\Users\Enenon\Documents\GitHub\Galaxy-Simulation\gui\headers\cores.h(9,19): warning C4305: 'inicializando': truncamento de 'double' para 'float'
  (compilando o arquivo fonte 'gui.cpp')
  
C:\Users\Enenon\Documents\GitHub\Galaxy-Simulation\gui\headers\cores.h(9,25): warning C4305: 'inicializando': truncamento de 'double' para 'float'
  (compilando o arquivo fonte 'gui.cpp')
  
C:\Users\Enenon\Documents\GitHub\Galaxy-Simulation\gui\headers\cores.h(9,31): warning C4305: 'inicializando': truncamento de 'double' para 'float'
  (compilando o arquivo fonte 'gui.cpp')
  
C:\Users\Enenon\Documents\GitHub\Galaxy-Simulation\gui\headers\cores.h(10,17): warning C4305: 'inicializando': truncamento de 'double' para 'float'
  (compilando o arquivo fonte 'gui.cpp')
  
C:\Users\Enenon\Documents\GitHub\Galaxy-Simulation\gui\headers\cores.h(10,24): warning C4305: 'inicializando': truncamento de 'double' para 'float'
  (compilando o arquivo fonte 'gui.cpp')
  
C:\Users\Enenon\Documents\GitHub\Galaxy-Simulation\gui\headers\cores.h(10,31): warning C4305: 'inicializando': truncamento de 'double' para 'float'
  (compilando o arquivo fonte 'gui.cpp')
  
C:\Users\Enenon\Documents\GitHub\Galaxy-Simulation\gui\headers\cores.h(11,17): warning C4305: 'inicializando': truncamento de 'double' para 'float'
  (compilando o arquivo fonte 'gui.cpp')
  
C:\Users\Enenon\Documents\GitHub\Galaxy-Simulation\gui\headers\cores.h(11,23): warning C4305: 'inicializando': truncamento de 'double' para 'float'
  (compilando o arquivo fonte 'gui.cpp')
  
C:\Users\Enenon\Documents\GitHub\Galaxy-Simulation\gui\headers\cores.h(11,30): warning C4305: 'inicializando': truncamento de 'double' para 'float'
  (compilando o arquivo fonte 'gui.cpp')
  
C:\Users\Enenon\Documents\GitHub\Galaxy-Simulation\gui\headers\cores.h(12,18): warning C4305: 'inicializando': truncamento de 'double' para 'float'
  (compilando o arquivo fonte 'gui.cpp')
  
C:\Users\Enenon\Documents\GitHub\Galaxy-Simulation\gui\headers\cores.h(12,25): warning C4305: 'inicializando': truncamento de 'double' para 'float'
  (compilando o arquivo fonte 'gui.cpp')
  
C:\Users\Enenon\Documents\GitHub\Galaxy-Simulation\gui\headers\cores.h(12,32): warning C4305: 'inicializando': truncamento de 'double' para 'float'
  (compilando o arquivo fonte 'gui.cpp')
  
C:\Users\Enenon\Documents\GitHub\Galaxy-Simulation\gui\headers\cores.h(13,22): warning C4305: 'inicializando': truncamento de 'double' para 'float'
  (compilando o arquivo fonte 'gui.cpp')
  
C:\Users\Enenon\Documents\GitHub\Galaxy-Simulation\gui\headers\cores.h(13,29): warning C4305: 'inicializando': truncamento de 'double' para 'float'
  (compilando o arquivo fonte 'gui.cpp')
  
C:\Users\Enenon\Documents\GitHub\Galaxy-Simulation\gui\headers\cores.h(13,36): warning C4305: 'inicializando': truncamento de 'double' para 'float'
  (compilando o arquivo fonte 'gui.cpp')
  
C:\Users\Enenon\Documents\GitHub\Galaxy-Simulation\gui\headers\cores.h(14,22): warning C4305: 'inicializando': truncamento de 'double' para 'float'
  (compilando o arquivo fonte 'gui.cpp')
  
C:\Users\Enenon\Documents\GitHub\Galaxy-Simulation\gui\headers\cores.h(14,27): warning C4305: 'inicializando': truncamento de 'double' para 'float'
  (compilando o arquivo fonte 'gui.cpp')
  
C:\Users\Enenon\Documents\GitHub\Galaxy-Simulation\gui\headers\cores.h(14,34): warning C4305: 'inicializando': truncamento de 'double' para 'float'
  (compilando o arquivo fonte 'gui.cpp')
  
C:\Users\Enenon\Documents\GitHub\Galaxy-Simulation\gui\headers\cores.h(15,21): warning C4305: 'inicializando': truncamento de 'double' para 'float'
  (compilando o arquivo fonte 'gui.cpp')
  
C:\Users\Enenon\Documents\GitHub\Galaxy-Simulation\gui\headers\cores.h(15,28): warning C4305: 'inicializando': truncamento de 'double' para 'float'
  (compilando o arquivo fonte 'gui.cpp')
  
C:\Users\Enenon\Documents\GitHub\Galaxy-Simulation\gui\headers\cores.h(15,35): warning C4305: 'inicializando': truncamento de 'double' para 'float'
  (compilando o arquivo fonte 'gui.cpp')
  
C:\Users\Enenon\Documents\GitHub\Galaxy-Simulation\gui\headers\cores.h(17,29): warning C4305: 'inicializando': truncamento de 'double' para 'float'
  (compilando o arquivo fonte 'gui.cpp')
  
C:\Users\Enenon\Documents\GitHub\Galaxy-Simulation\gui\primitivas.h(2,27): warning C4083: esperado ')'; encontrado identificador 'n'
  (compilando o arquivo fonte 'gui.cpp')
  
C:\Users\Enenon\Documents\GitHub\Galaxy-Simulation\gui\primitivas.h(7,54): warning C4305: 'inicializando': truncamento de 'double' para 'float'
  (compilando o arquivo fonte 'gui.cpp')
  
C:\Users\Enenon\Documents\GitHub\Galaxy-Simulation\gui\primitivas.h(7,84): warning C4305: 'inicializando': truncamento de 'double' para 'float'
  (compilando o arquivo fonte 'gui.cpp')
  
C:\Users\Enenon\Documents\GitHub\Galaxy-Simulation\gui\primitivas.h(8,23): warning C4305: 'inicializando': truncamento de 'double' para 'float'
  (compilando o arquivo fonte 'gui.cpp')
  
C:\Users\Enenon\Documents\GitHub\Galaxy-Simulation\gui\primitivas.h(11,47): warning C4305: 'inicializando': truncamento de 'double' para 'float'
  (compilando o arquivo fonte 'gui.cpp')
  
C:\Users\Enenon\Documents\GitHub\Galaxy-Simulation\gui\primitivas.h(29,31): warning C4305: 'inicializando': truncamento de 'double' para 'float'
  (compilando o arquivo fonte 'gui.cpp')
  
C:\Users\Enenon\Documents\GitHub\Galaxy-Simulation\gui\primitivas.h(30,32): warning C4305: 'inicializando': truncamento de 'double' para 'float'
  (compilando o arquivo fonte 'gui.cpp')
  
C:\Users\Enenon\Documents\GitHub\Galaxy-Simulation\gui\primitivas.h(32,54): warning C4244: 'inicializando': conversão de 'double' para 'float', possível perda de dados
  (compilando o arquivo fonte 'gui.cpp')
  
C:\Users\Enenon\Documents\GitHub\Galaxy-Simulation\gui\primitivas.h(32,19): warning C4244: 'inicializando': conversão de 'double' para 'const float', possível perda de dados
  (compilando o arquivo fonte 'gui.cpp')
  
C:\Users\Enenon\Documents\GitHub\Galaxy-Simulation\gui\primitivas.h(33,32): warning C4244: 'inicializando': conversão de 'double' para 'float', possível perda de dados
  (compilando o arquivo fonte 'gui.cpp')
  
C:\Users\Enenon\Documents\GitHub\Galaxy-Simulation\gui\primitivas.h(33,24): warning C4244: 'inicializando': conversão de 'double' para 'const float', possível perda de dados
  (compilando o arquivo fonte 'gui.cpp')
  
C:\Users\Enenon\Documents\GitHub\Galaxy-Simulation\gui\primitivas.h(63,19): warning C4244: 'return': conversão de 'double' para 'float', possível perda de dados
  (compilando o arquivo fonte 'gui.cpp')
  
C:\Users\Enenon\Documents\GitHub\Galaxy-Simulation\gui\primitivas.h(140,19): warning C4244: 'inicializando': conversão de 'float' para 'int', possível perda de dados
  (compilando o arquivo fonte 'gui.cpp')
  
C:\Users\Enenon\Documents\GitHub\Galaxy-Simulation\gui\primitivas.h(171,18): warning C4305: 'inicializando': truncamento de 'double' para 'float'
  (compilando o arquivo fonte 'gui.cpp')
  
C:\Users\Enenon\Documents\GitHub\Galaxy-Simulation\gui\primitivas.h(215,13): warning C4244: 'inicializando': conversão de 'double' para 'float', possível perda de dados
  (compilando o arquivo fonte 'gui.cpp')
  
C:\Users\Enenon\Documents\GitHub\Galaxy-Simulation\gui\primitivas.h(244,68): warning C4244: 'argumento': conversão de 'double' para 'float', possível perda de dados
  (compilando o arquivo fonte 'gui.cpp')
  
C:\Users\Enenon\Documents\GitHub\Galaxy-Simulation\gui\primitivas.h(244,50): warning C4244: 'argumento': conversão de 'double' para 'float', possível perda de dados
  (compilando o arquivo fonte 'gui.cpp')
  
C:\Users\Enenon\Documents\GitHub\Galaxy-Simulation\gui\primitivas.h(244,32): warning C4244: 'argumento': conversão de 'double' para 'float', possível perda de dados
  (compilando o arquivo fonte 'gui.cpp')
  
C:\Users\Enenon\Documents\GitHub\Galaxy-Simulation\gui\primitivas.h(244,131): warning C4244: 'argumento': conversão de 'double' para 'float', possível perda de dados
  (compilando o arquivo fonte 'gui.cpp')
  
C:\Users\Enenon\Documents\GitHub\Galaxy-Simulation\gui\primitivas.h(244,113): warning C4244: 'argumento': conversão de 'double' para 'float', possível perda de dados
  (compilando o arquivo fonte 'gui.cpp')
  
C:\Users\Enenon\Documents\GitHub\Galaxy-Simulation\gui\primitivas.h(244,95): warning C4244: 'argumento': conversão de 'double' para 'float', possível perda de dados
  (compilando o arquivo fonte 'gui.cpp')
  
C:\Users\Enenon\Documents\GitHub\Galaxy-Simulation\gui\primitivas.h(256,76): warning C4244: 'argumento': conversão de 'double' para 'float', possível perda de dados
  (compilando o arquivo fonte 'gui.cpp')
  
C:\Users\Enenon\Documents\GitHub\Galaxy-Simulation\gui\primitivas.h(256,58): warning C4244: 'argumento': conversão de 'double' para 'float', possível perda de dados
  (compilando o arquivo fonte 'gui.cpp')
  
C:\Users\Enenon\Documents\GitHub\Galaxy-Simulation\gui\primitivas.h(256,40): warning C4244: 'argumento': conversão de 'double' para 'float', possível perda de dados
  (compilando o arquivo fonte 'gui.cpp')
  
C:\Users\Enenon\Documents\GitHub\Galaxy-Simulation\gui\primitivas.h(257,76): warning C4244: 'argumento': conversão de 'double' para 'float', possível perda de dados
  (compilando o arquivo fonte 'gui.cpp')
  
C:\Users\Enenon\Documents\GitHub\Galaxy-Simulation\gui\primitivas.h(257,58): warning C4244: 'argumento': conversão de 'double' para 'float', possível perda de dados
  (compilando o arquivo fonte 'gui.cpp')
  
C:\Users\Enenon\Documents\GitHub\Galaxy-Simulation\gui\primitivas.h(257,40): warning C4244: 'argumento': conversão de 'double' para 'float', possível perda de dados
  (compilando o arquivo fonte 'gui.cpp')
  
C:\Users\Enenon\Documents\GitHub\Galaxy-Simulation\gui\primitivas.h(259,54): warning C4244: 'argumento': conversão de 'double' para 'float', possível perda de dados
  (compilando o arquivo fonte 'gui.cpp')
  
C:\Users\Enenon\Documents\GitHub\Galaxy-Simulation\gui\primitivas.h(260,36): warning C4244: 'argumento': conversão de 'double' para 'float', possível perda de dados
  (compilando o arquivo fonte 'gui.cpp')
  
C:\Users\Enenon\Documents\GitHub\Galaxy-Simulation\gui\primitivas.h(260,33): warning C4244: 'argumento': conversão de 'double' para 'float', possível perda de dados
  (compilando o arquivo fonte 'gui.cpp')
  
C:\Users\Enenon\Documents\GitHub\Galaxy-Simulation\gui\primitivas.h(271,23): warning C4244: 'inicializando': conversão de 'double' para 'float', possível perda de dados
  (compilando o arquivo fonte 'gui.cpp')
  
C:\Users\Enenon\Documents\GitHub\Galaxy-Simulation\gui\primitivas.h(272,20): warning C4244: 'inicializando': conversão de 'double' para 'float', possível perda de dados
  (compilando o arquivo fonte 'gui.cpp')
  
C:\Users\Enenon\Documents\GitHub\Galaxy-Simulation\gui\primitivas.h(273,27): warning C4244: 'inicializando': conversão de 'double' para 'float', possível perda de dados
  (compilando o arquivo fonte 'gui.cpp')
  
C:\Users\Enenon\Documents\GitHub\Galaxy-Simulation\gui\primitivas.h(276,25): warning C4244: '=': conversão de 'double' para 'float', possível perda de dados
  (compilando o arquivo fonte 'gui.cpp')
  
C:\Users\Enenon\Documents\GitHub\Galaxy-Simulation\gui\primitivas.h(277,22): warning C4244: '=': conversão de 'double' para 'float', possível perda de dados
  (compilando o arquivo fonte 'gui.cpp')
  
C:\Users\Enenon\Documents\GitHub\Galaxy-Simulation\gui\primitivas.h(308,25): warning C4244: 'inicializando': conversão de 'double' para 'float', possível perda de dados
  (compilando o arquivo fonte 'gui.cpp')
  
C:\Users\Enenon\Documents\GitHub\Galaxy-Simulation\gui\primitivas.h(311,27): warning C4244: 'inicializando': conversão de 'double' para 'float', possível perda de dados
  (compilando o arquivo fonte 'gui.cpp')
  
C:\Users\Enenon\Documents\GitHub\Galaxy-Simulation\gui\primitivas.h(335,22): warning C4305: '=': truncamento de 'double' para 'float'
  (compilando o arquivo fonte 'gui.cpp')
  
C:\Users\Enenon\Documents\GitHub\Galaxy-Simulation\gui\primitivas.h(335,46): warning C4305: '=': truncamento de 'double' para 'float'
  (compilando o arquivo fonte 'gui.cpp')
  
C:\Users\Enenon\Documents\GitHub\Galaxy-Simulation\gui\primitivas.h(335,70): warning C4305: '=': truncamento de 'double' para 'float'
  (compilando o arquivo fonte 'gui.cpp')
  
C:\Users\Enenon\Documents\GitHub\Galaxy-Simulation\gui\primitivas.h(344,19): warning C4244: 'inicializando': conversão de 'double' para 'float', possível perda de dados
  (compilando o arquivo fonte 'gui.cpp')
  
C:\Users\Enenon\Documents\GitHub\Galaxy-Simulation\gui\primitivas.h(346,20): warning C4244: 'inicializando': conversão de 'double' para 'float', possível perda de dados
  (compilando o arquivo fonte 'gui.cpp')
  
C:\Users\Enenon\Documents\GitHub\Galaxy-Simulation\gui\primitivas.h(348,27): warning C4244: 'inicializando': conversão de 'double' para 'float', possível perda de dados
  (compilando o arquivo fonte 'gui.cpp')
  
C:\Users\Enenon\Documents\GitHub\Galaxy-Simulation\gui\primitivas.h(362,32): warning C4244: '=': conversão de 'double' para 'float', possível perda de dados
  (compilando o arquivo fonte 'gui.cpp')
  
C:\Users\Enenon\Documents\GitHub\Galaxy-Simulation\gui\primitivas.h(362,81): warning C4305: '=': truncamento de 'double' para 'float'
  (compilando o arquivo fonte 'gui.cpp')
  
C:\Users\Enenon\Documents\GitHub\Galaxy-Simulation\gui\primitivas.h(362,110): warning C4244: '=': conversão de 'double' para 'float', possível perda de dados
  (compilando o arquivo fonte 'gui.cpp')
  
C:\Users\Enenon\Documents\GitHub\Galaxy-Simulation\gui\primitivas.h(370,19): warning C4244: 'inicializando': conversão de 'double' para 'float', possível perda de dados
  (compilando o arquivo fonte 'gui.cpp')
  
C:\Users\Enenon\Documents\GitHub\Galaxy-Simulation\gui\primitivas.h(371,27): warning C4244: 'inicializando': conversão de 'double' para 'float', possível perda de dados
  (compilando o arquivo fonte 'gui.cpp')
  
C:\Users\Enenon\Documents\GitHub\Galaxy-Simulation\gui\primitivas.h(375,32): warning C4305: 'inicializando': truncamento de 'double' para 'float'
  (compilando o arquivo fonte 'gui.cpp')
  
C:\Users\Enenon\Documents\GitHub\Galaxy-Simulation\gui\primitivas.h(390,50): warning C4305: '=': truncamento de 'double' para 'float'
  (compilando o arquivo fonte 'gui.cpp')
  
C:\Users\Enenon\Documents\GitHub\Galaxy-Simulation\gui\primitivas.h(437,18): warning C4305: '=': truncamento de 'double' para 'float'
  (compilando o arquivo fonte 'gui.cpp')
  
C:\Users\Enenon\Documents\GitHub\Galaxy-Simulation\gui\primitivas.h(446,68): warning C4244: 'argumento': conversão de 'double' para 'float', possível perda de dados
  (compilando o arquivo fonte 'gui.cpp')
  
C:\Users\Enenon\Documents\GitHub\Galaxy-Simulation\gui\primitivas.h(446,50): warning C4244: 'argumento': conversão de 'double' para 'float', possível perda de dados
  (compilando o arquivo fonte 'gui.cpp')
  
C:\Users\Enenon\Documents\GitHub\Galaxy-Simulation\gui\primitivas.h(446,32): warning C4244: 'argumento': conversão de 'double' para 'float', possível perda de dados
  (compilando o arquivo fonte 'gui.cpp')
  
C:\Users\Enenon\Documents\GitHub\Galaxy-Simulation\gui\primitivas.h(446,131): warning C4244: 'argumento': conversão de 'double' para 'float', possível perda de dados
  (compilando o arquivo fonte 'gui.cpp')
  
C:\Users\Enenon\Documents\GitHub\Galaxy-Simulation\gui\primitivas.h(446,113): warning C4244: 'argumento': conversão de 'double' para 'float', possível perda de dados
  (compilando o arquivo fonte 'gui.cpp')
  
C:\Users\Enenon\Documents\GitHub\Galaxy-Simulation\gui\primitivas.h(446,95): warning C4244: 'argumento': conversão de 'double' para 'float', possível perda de dados
  (compilando o arquivo fonte 'gui.cpp')
  
C:\Users\Enenon\Documents\GitHub\Galaxy-Simulation\gui\primitivas.h(453,64): warning C4244: 'argumento': conversão de 'double' para 'float', possível perda de dados
  (compilando o arquivo fonte 'gui.cpp')
  
C:\Users\Enenon\Documents\GitHub\Galaxy-Simulation\gui\primitivas.h(453,46): warning C4244: 'argumento': conversão de 'double' para 'float', possível perda de dados
  (compilando o arquivo fonte 'gui.cpp')
  
C:\Users\Enenon\Documents\GitHub\Galaxy-Simulation\gui\primitivas.h(453,28): warning C4244: 'argumento': conversão de 'double' para 'float', possível perda de dados
  (compilando o arquivo fonte 'gui.cpp')
  
C:\Users\Enenon\Documents\GitHub\Galaxy-Simulation\gui\primitivas.h(454,64): warning C4244: 'argumento': conversão de 'double' para 'float', possível perda de dados
  (compilando o arquivo fonte 'gui.cpp')
  
C:\Users\Enenon\Documents\GitHub\Galaxy-Simulation\gui\primitivas.h(454,46): warning C4244: 'argumento': conversão de 'double' para 'float', possível perda de dados
  (compilando o arquivo fonte 'gui.cpp')
  
C:\Users\Enenon\Documents\GitHub\Galaxy-Simulation\gui\primitivas.h(454,28): warning C4244: 'argumento': conversão de 'double' para 'float', possível perda de dados
  (compilando o arquivo fonte 'gui.cpp')
  
C:\Users\Enenon\Documents\GitHub\Galaxy-Simulation\gui\primitivas.h(456,54): warning C4244: 'argumento': conversão de 'double' para 'float', possível perda de dados
  (compilando o arquivo fonte 'gui.cpp')
  
C:\Users\Enenon\Documents\GitHub\Galaxy-Simulation\gui\primitivas.h(457,36): warning C4244: 'argumento': conversão de 'double' para 'float', possível perda de dados
  (compilando o arquivo fonte 'gui.cpp')
  
C:\Users\Enenon\Documents\GitHub\Galaxy-Simulation\gui\primitivas.h(457,33): warning C4244: 'argumento': conversão de 'double' para 'float', possível perda de dados
  (compilando o arquivo fonte 'gui.cpp')
  
C:\Users\Enenon\Documents\GitHub\Galaxy-Simulation\gui\primitivas.h(472,72): warning C4244: 'argumento': conversão de 'double' para 'float', possível perda de dados
  (compilando o arquivo fonte 'gui.cpp')
  
C:\Users\Enenon\Documents\GitHub\Galaxy-Simulation\gui\primitivas.h(472,54): warning C4244: 'argumento': conversão de 'double' para 'float', possível perda de dados
  (compilando o arquivo fonte 'gui.cpp')
  
C:\Users\Enenon\Documents\GitHub\Galaxy-Simulation\gui\primitivas.h(472,36): warning C4244: 'argumento': conversão de 'double' para 'float', possível perda de dados
  (compilando o arquivo fonte 'gui.cpp')
  
C:\Users\Enenon\Documents\GitHub\Galaxy-Simulation\gui\primitivas.h(476,80): warning C4244: 'argumento': conversão de 'double' para 'float', possível perda de dados
  (compilando o arquivo fonte 'gui.cpp')
  
C:\Users\Enenon\Documents\GitHub\Galaxy-Simulation\gui\primitivas.h(476,62): warning C4244: 'argumento': conversão de 'double' para 'float', possível perda de dados
  (compilando o arquivo fonte 'gui.cpp')
  
C:\Users\Enenon\Documents\GitHub\Galaxy-Simulation\gui\primitivas.h(476,44): warning C4244: 'argumento': conversão de 'double' para 'float', possível perda de dados
  (compilando o arquivo fonte 'gui.cpp')
  
C:\Users\Enenon\Documents\GitHub\Galaxy-Simulation\gui\primitivas.h(476,143): warning C4244: 'argumento': conversão de 'double' para 'float', possível perda de dados
  (compilando o arquivo fonte 'gui.cpp')
  
C:\Users\Enenon\Documents\GitHub\Galaxy-Simulation\gui\primitivas.h(476,125): warning C4244: 'argumento': conversão de 'double' para 'float', possível perda de dados
  (compilando o arquivo fonte 'gui.cpp')
  
C:\Users\Enenon\Documents\GitHub\Galaxy-Simulation\gui\primitivas.h(476,107): warning C4244: 'argumento': conversão de 'double' para 'float', possível perda de dados
  (compilando o arquivo fonte 'gui.cpp')
  
C:\Users\Enenon\Documents\GitHub\Galaxy-Simulation\gui\primitivas.h(488,135): warning C4244: 'argumento': conversão de 'double' para 'float', possível perda de dados
  (compilando o arquivo fonte 'gui.cpp')
  
C:\Users\Enenon\Documents\GitHub\Galaxy-Simulation\gui\primitivas.h(488,101): warning C4244: 'argumento': conversão de 'double' para 'float', possível perda de dados
  (compilando o arquivo fonte 'gui.cpp')
  
C:\Users\Enenon\Documents\GitHub\Galaxy-Simulation\gui\primitivas.h(488,67): warning C4244: 'argumento': conversão de 'double' para 'float', possível perda de dados
  (compilando o arquivo fonte 'gui.cpp')
  
C:\Users\Enenon\Documents\GitHub\Galaxy-Simulation\gui\primitivas.h(494,72): warning C4244: 'argumento': conversão de 'double' para 'float', possível perda de dados
  (compilando o arquivo fonte 'gui.cpp')
  
C:\Users\Enenon\Documents\GitHub\Galaxy-Simulation\gui\primitivas.h(494,54): warning C4244: 'argumento': conversão de 'double' para 'float', possível perda de dados
  (compilando o arquivo fonte 'gui.cpp')
  
C:\Users\Enenon\Documents\GitHub\Galaxy-Simulation\gui\primitivas.h(494,36): warning C4244: 'argumento': conversão de 'double' para 'float', possível perda de dados
  (compilando o arquivo fonte 'gui.cpp')
  
C:\Users\Enenon\Documents\GitHub\Galaxy-Simulation\gui\primitivas.h(494,135): warning C4244: 'argumento': conversão de 'double' para 'float', possível perda de dados
  (compilando o arquivo fonte 'gui.cpp')
  
C:\Users\Enenon\Documents\GitHub\Galaxy-Simulation\gui\primitivas.h(494,117): warning C4244: 'argumento': conversão de 'double' para 'float', possível perda de dados
  (compilando o arquivo fonte 'gui.cpp')
  
C:\Users\Enenon\Documents\GitHub\Galaxy-Simulation\gui\primitivas.h(494,99): warning C4244: 'argumento': conversão de 'double' para 'float', possível perda de dados
  (compilando o arquivo fonte 'gui.cpp')
  
C:\Users\Enenon\Documents\GitHub\Galaxy-Simulation\gui\primitivas.h(495,25): warning C4244: '=': conversão de 'double' para 'float', possível perda de dados
  (compilando o arquivo fonte 'gui.cpp')
  
C:\Users\Enenon\Documents\GitHub\Galaxy-Simulation\gui\primitivas.h(495,62): warning C4244: '=': conversão de 'double' para 'float', possível perda de dados
  (compilando o arquivo fonte 'gui.cpp')
  
C:\Users\Enenon\Documents\GitHub\Galaxy-Simulation\gui\primitivas.h(495,99): warning C4244: '=': conversão de 'double' para 'float', possível perda de dados
  (compilando o arquivo fonte 'gui.cpp')
  
C:\Users\Enenon\Documents\GitHub\Galaxy-Simulation\gui\primitivas.h(507,72): warning C4244: 'argumento': conversão de 'double' para 'float', possível perda de dados
  (compilando o arquivo fonte 'gui.cpp')
  
C:\Users\Enenon\Documents\GitHub\Galaxy-Simulation\gui\primitivas.h(507,54): warning C4244: 'argumento': conversão de 'double' para 'float', possível perda de dados
  (compilando o arquivo fonte 'gui.cpp')
  
C:\Users\Enenon\Documents\GitHub\Galaxy-Simulation\gui\primitivas.h(507,36): warning C4244: 'argumento': conversão de 'double' para 'float', possível perda de dados
  (compilando o arquivo fonte 'gui.cpp')
  
C:\Users\Enenon\Documents\GitHub\Galaxy-Simulation\gui\primitivas.h(507,135): warning C4244: 'argumento': conversão de 'double' para 'float', possível perda de dados
  (compilando o arquivo fonte 'gui.cpp')
  
C:\Users\Enenon\Documents\GitHub\Galaxy-Simulation\gui\primitivas.h(507,117): warning C4244: 'argumento': conversão de 'double' para 'float', possível perda de dados
  (compilando o arquivo fonte 'gui.cpp')
  
C:\Users\Enenon\Documents\GitHub\Galaxy-Simulation\gui\primitivas.h(507,99): warning C4244: 'argumento': conversão de 'double' para 'float', possível perda de dados
  (compilando o arquivo fonte 'gui.cpp')
  
C:\Users\Enenon\Documents\GitHub\Galaxy-Simulation\gui\primitivas.h(509,17): warning C4244: '=': conversão de 'double' para 'float', possível perda de dados
  (compilando o arquivo fonte 'gui.cpp')
  
C:\Users\Enenon\Documents\GitHub\Galaxy-Simulation\gui\primitivas.h(509,58): warning C4244: '=': conversão de 'double' para 'float', possível perda de dados
  (compilando o arquivo fonte 'gui.cpp')
  
C:\Users\Enenon\Documents\GitHub\Galaxy-Simulation\gui\primitivas.h(509,99): warning C4244: '=': conversão de 'double' para 'float', possível perda de dados
  (compilando o arquivo fonte 'gui.cpp')
  
C:\Users\Enenon\Documents\GitHub\Galaxy-Simulation\gui\primitivas.h(513,29): warning C4244: '=': conversão de 'double' para 'float', possível perda de dados
  (compilando o arquivo fonte 'gui.cpp')
  
C:\Users\Enenon\Documents\GitHub\Galaxy-Simulation\gui\primitivas.h(513,66): warning C4244: '=': conversão de 'double' para 'float', possível perda de dados
  (compilando o arquivo fonte 'gui.cpp')
  
C:\Users\Enenon\Documents\GitHub\Galaxy-Simulation\gui\primitivas.h(513,103): warning C4244: '=': conversão de 'double' para 'float', possível perda de dados
  (compilando o arquivo fonte 'gui.cpp')
  
C:\Users\Enenon\Documents\GitHub\Galaxy-Simulation\gui\primitivas.h(523,20): warning C4244: 'inicializando': conversão de 'double' para 'float', possível perda de dados
  (compilando o arquivo fonte 'gui.cpp')
  
C:\Users\Enenon\Documents\GitHub\Galaxy-Simulation\gui\primitivas.h(524,33): warning C4244: 'inicializando': conversão de 'double' para 'float', possível perda de dados
  (compilando o arquivo fonte 'gui.cpp')
  
C:\Users\Enenon\Documents\GitHub\Galaxy-Simulation\gui\primitivas.h(527,25): warning C4244: '=': conversão de 'double' para 'float', possível perda de dados
  (compilando o arquivo fonte 'gui.cpp')
  
C:\Users\Enenon\Documents\GitHub\Galaxy-Simulation\gui\primitivas.h(547,31): warning C4244: 'argumento': conversão de 'double' para 'float', possível perda de dados
  (compilando o arquivo fonte 'gui.cpp')
  
C:\Users\Enenon\Documents\GitHub\Galaxy-Simulation\gui\primitivas.h(564,78): warning C4244: 'argumento': conversão de 'double' para 'GLfloat', possível perda de dados
  (compilando o arquivo fonte 'gui.cpp')
  
C:\Users\Enenon\Documents\GitHub\Galaxy-Simulation\gui\primitivas.h(564,49): warning C4244: 'argumento': conversão de 'double' para 'GLfloat', possível perda de dados
  (compilando o arquivo fonte 'gui.cpp')
  
C:\Users\Enenon\Documents\GitHub\Galaxy-Simulation\gui\primitivas.h(564,20): warning C4244: 'argumento': conversão de 'double' para 'GLfloat', possível perda de dados
  (compilando o arquivo fonte 'gui.cpp')
  
C:\Users\Enenon\Documents\GitHub\Galaxy-Simulation\gui\primitivas.h(568,38): warning C4244: 'argumento': conversão de 'double' para 'float', possível perda de dados
  (compilando o arquivo fonte 'gui.cpp')
  
C:\Users\Enenon\Documents\GitHub\Galaxy-Simulation\gui\headers\old.cpp(20,23): warning C4244: 'inicializando': conversão de 'double' para 'float', possível perda de dados
  (compilando o arquivo fonte 'gui.cpp')
  
C:\Users\Enenon\Documents\GitHub\Galaxy-Simulation\gui\headers\old.cpp(27,33): warning C4838: a conversão de 'double' em 'float' requer uma conversão de restrição
  (compilando o arquivo fonte 'gui.cpp')
  
C:\Users\Enenon\Documents\GitHub\Galaxy-Simulation\gui\headers\old.cpp(27,33): warning C4244: 'inicializando': conversão de 'double' para 'float', possível perda de dados
  (compilando o arquivo fonte 'gui.cpp')
  
C:\Users\Enenon\Documents\GitHub\Galaxy-Simulation\gui\headers\old.cpp(27,44): warning C4838: a conversão de 'double' em 'float' requer uma conversão de restrição
  (compilando o arquivo fonte 'gui.cpp')
  
C:\Users\Enenon\Documents\GitHub\Galaxy-Simulation\gui\headers\old.cpp(27,44): warning C4244: 'inicializando': conversão de 'double' para 'float', possível perda de dados
  (compilando o arquivo fonte 'gui.cpp')
  
C:\Users\Enenon\Documents\GitHub\Galaxy-Simulation\gui\headers\old.cpp(27,53): warning C4838: a conversão de 'double' em 'float' requer uma conversão de restrição
  (compilando o arquivo fonte 'gui.cpp')
  
C:\Users\Enenon\Documents\GitHub\Galaxy-Simulation\gui\headers\old.cpp(27,53): warning C4244: 'inicializando': conversão de 'double' para 'float', possível perda de dados
  (compilando o arquivo fonte 'gui.cpp')
  
C:\Users\Enenon\Documents\GitHub\Galaxy-Simulation\gui\headers\old.cpp(38,13): warning C4244: 'inicializando': conversão de 'double' para 'float', possível perda de dados
  (compilando o arquivo fonte 'gui.cpp')
  
C:\Users\Enenon\Documents\GitHub\Galaxy-Simulation\gui\headers\old.cpp(78,11): warning C4267: 'inicializando': conversão de 'size_t' para 'int', possível perda de dados
  (compilando o arquivo fonte 'gui.cpp')
  
C:\Users\Enenon\Documents\GitHub\Galaxy-Simulation\gui\gui.cpp(38,17): warning C4267: 'inicializando': conversão de 'size_t' para 'int', possível perda de dados
C:\Users\Enenon\Documents\GitHub\Galaxy-Simulation\gui\gui.cpp(63,77): warning C4244: 'inicializando': conversão de 'float' para 'int', possível perda de dados
C:\Users\Enenon\Documents\GitHub\Galaxy-Simulation\gui\gui.cpp(70,20): warning C4244: 'inicializando': conversão de 'double' para 'float', possível perda de dados
C:\Users\Enenon\Documents\GitHub\Galaxy-Simulation\gui\gui.cpp(71,19): warning C4244: 'inicializando': conversão de 'double' para 'float', possível perda de dados
C:\Users\Enenon\Documents\GitHub\Galaxy-Simulation\gui\gui.cpp(92,24): warning C4244: 'inicializando': conversão de 'double' para 'float', possível perda de dados
C:\Users\Enenon\Documents\GitHub\Galaxy-Simulation\gui\gui.cpp(93,23): warning C4244: 'inicializando': conversão de 'double' para 'float', possível perda de dados
C:\Users\Enenon\Documents\GitHub\Galaxy-Simulation\gui\gui.cpp(192,30): warning C4305: 'argumento': truncamento de 'double' para 'GLclampf'
C:\Users\Enenon\Documents\GitHub\Galaxy-Simulation\gui\gui.cpp(192,24): warning C4305: 'argumento': truncamento de 'double' para 'GLclampf'
C:\Users\Enenon\Documents\GitHub\Galaxy-Simulation\gui\gui.cpp(192,18): warning C4305: 'argumento': truncamento de 'double' para 'GLclampf'
C:\Users\Enenon\Documents\GitHub\Galaxy-Simulation\gui\headers\matplotlibcpp.h(1832,48): warning C4244: '=': conversão de 'size_t' para '_Ty', possível perda de dados
C:\Users\Enenon\Documents\GitHub\Galaxy-Simulation\gui\headers\matplotlibcpp.h(1832,48): warning C4244:         with
C:\Users\Enenon\Documents\GitHub\Galaxy-Simulation\gui\headers\matplotlibcpp.h(1832,48): warning C4244:         [
C:\Users\Enenon\Documents\GitHub\Galaxy-Simulation\gui\headers\matplotlibcpp.h(1832,48): warning C4244:             _Ty=double
C:\Users\Enenon\Documents\GitHub\Galaxy-Simulation\gui\headers\matplotlibcpp.h(1832,48): warning C4244:         ]
  (compilando o arquivo fonte 'gui.cpp')
      C:\Users\Enenon\Documents\GitHub\Galaxy-Simulation\gui\headers\matplotlibcpp.h(1832,48):
      o contexto de instanciação do modelo (o mais antigo primeiro) é
          C:\Users\Enenon\Documents\GitHub\Galaxy-Simulation\gui\headers\matplotlibcpp.h(2897,12):
          consulte a referência à instanciação 'bool matplotlibcpp::plot<double>(const std::vector<double,std::allocator<double>> &,const std::string &)' do modelo que está sendo compilada
  
  Gerando código
  8 of 589 functions ( 1.4%) were compiled, the rest were copied from previous compilation.
    0 functions were new in current compilation
    49 functions had inline decision re-evaluated but remain unchanged
  Finalizada a geração de código
  gui.vcxproj -> C:\Users\Enenon\Documents\GitHub\Galaxy-Simulation\x64\Release\gui.exe
